src/app/page.tsx(32,9): error TS2322: Type '{ sections: ({ id: string; label: string; } | { id: string; label: string; highlight: boolean; })[]; pledgeFormUrl: string; }' is not assignable to type 'IntrinsicAttributes'.
  Property 'sections' does not exist on type 'IntrinsicAttributes'.
src/app/print/page.tsx(14,8): error TS2741: Property 'navy250' is missing in type '{ data: Hero; isPrint: true; }' but required in type 'HeroProps'.
